// Jest Snapshot v1, https://goo.gl/fbAQLP

exports[`App.vue it has the correct pristine / empty state 1`] = `
<div
  class="options"
>
  <div
    class="container"
  >
    <div
      class="header"
    >
      
      Automatik Options
      
      <small
        class="saving-badge text-muted"
        style="display: none;"
      >
        
        Saving...
      
      </small>
    </div>
     
    <!---->
     
    <div
      class="footer"
    >
      </a>
    </div>
  </div>
</div>
`;
